$ sudo -n -- git rev-parse --abbrev-ref HEAD
stdout: master

$ sudo -n -- git status --untracked-files=all --porcelain
stdout:  M frr/frr.conf

$ sudo -n -- dpkg -S /etc/frr/frr.conf
stdout: frr: /etc/frr/frr.conf

$ sudo -n -- dpkg -L frr
stdout: /.
/usr
/usr/include
/usr/include/frr
/usr/include/frr/zassert.h
/usr/include/frr/table.h
/usr/include/frr/compiler.h
/usr/include/frr/ipaddr.h
/usr/include/frr/smux.h
/usr/include/frr/workqueue.h
/usr/include/frr/vector.h
/usr/include/frr/ospfapi
/usr/include/frr/ospfapi/ospf_apiclient.h
/usr/include/frr/distribute.h
/usr/include/frr/pw.h
/usr/include/frr/keychain.h
/usr/include/frr/skiplist.h
/usr/include/frr/sockunion.h
/usr/include/frr/fifo.h
/usr/include/frr/hash.h
/usr/include/frr/monotime.h
/usr/include/frr/privs.h
/usr/include/frr/mpls.h
/usr/include/frr/vty.h
/usr/include/frr/zclient.h
/usr/include/frr/route_types.h
/usr/include/frr/eigrpd
/usr/include/frr/eigrpd/eigrp_dump.h
/usr/include/frr/eigrpd/eigrp_topology.h
/usr/include/frr/eigrpd/eigrpd.h
/usr/include/frr/csv.h
/usr/include/frr/ferr.h
/usr/include/frr/md5.h
/usr/include/frr/libospf.h
/usr/include/frr/vxlan.h
/usr/include/frr/frratomic.h
/usr/include/frr/plist.h
/usr/include/frr/routemap.h
/usr/include/frr/openbsd-queue.h
/usr/include/frr/command_graph.h
/usr/include/frr/zebra.h
/usr/include/frr/ospfd
/usr/include/frr/ospfd/ospf_opaque.h
/usr/include/frr/ospfd/ospf_nsm.h
/usr/include/frr/ospfd/ospf_asbr.h
/usr/include/frr/ospfd/ospf_lsdb.h
/usr/include/frr/ospfd/ospf_dump_api.h
/usr/include/frr/ospfd/ospfd.h
/usr/include/frr/ospfd/ospf_ism.h
/usr/include/frr/ospfd/ospf_lsa.h
/usr/include/frr/ospfd/ospf_api.h
/usr/include/frr/ospfd/ospf_dump.h
/usr/include/frr/sha256.h
/usr/include/frr/log.h
/usr/include/frr/memory_vty.h
/usr/include/frr/thread.h
/usr/include/frr/event_counter.h
/usr/include/frr/termtable.h
/usr/include/frr/linklist.h
/usr/include/frr/srcdest_table.h
/usr/include/frr/network.h
/usr/include/frr/if.h
/usr/include/frr/sigevent.h
/usr/include/frr/if_rmap.h
/usr/include/frr/hook.h
/usr/include/frr/checksum.h
/usr/include/frr/jhash.h
/usr/include/frr/prefix.h
/usr/include/frr/command_match.h
/usr/include/frr/openbsd-tree.h
/usr/include/frr/bfd.h
/usr/include/frr/imsg.h
/usr/include/frr/spf_backoff.h
/usr/include/frr/module.h
/usr/include/frr/qobj.h
/usr/include/frr/vrf_int.h
/usr/include/frr/freebsd-queue.h
/usr/include/frr/ptm_lib.h
/usr/include/frr/sbuf.h
/usr/include/frr/logicalrouter.h
/usr/include/frr/json.h
/usr/include/frr/graph.h
/usr/include/frr/vrf.h
/usr/include/frr/memory.h
/usr/include/frr/stream.h
/usr/include/frr/bitfield.h
/usr/include/frr/filter.h
/usr/include/frr/getopt.h
/usr/include/frr/pqueue.h
/usr/include/frr/buffer.h
/usr/include/frr/systemd.h
/usr/include/frr/nexthop.h
/usr/include/frr/debug.h
/usr/include/frr/command.h
/usr/include/frr/lib_errors.h
/usr/include/frr/vlan.h
/usr/include/frr/ringbuf.h
/usr/include/frr/sockopt.h
/usr/include/frr/frr_pthread.h
/usr/include/frr/queue.h
/usr/include/frr/version.h
/usr/include/frr/wheel.h
/usr/include/frr/ns.h
/usr/include/frr/nexthop_group.h
/usr/include/frr/libfrr.h
/usr/share
/usr/share/cumulus
/usr/share/cumulus/support
/usr/share/cumulus/support/frr
/usr/share/doc
/usr/share/doc/frr
/usr/share/doc/frr/tools
/usr/share/doc/frr/tools/.deps
/usr/share/doc/frr/tools/.deps/start-stop-daemon.Po.gz
/usr/share/doc/frr/tools/.deps/permutations.Po.gz
/usr/share/doc/frr/tools/mrlg.txt
/usr/share/doc/frr/tools/start-stop-daemon.o.gz
/usr/share/doc/frr/tools/checkpatch.pl.gz
/usr/share/doc/frr/tools/permutations.o.gz
/usr/share/doc/frr/tools/.libs
/usr/share/doc/frr/tools/.libs/permutations.gz
/usr/share/doc/frr/tools/indent.py
/usr/share/doc/frr/tools/rrcheck.pl
/usr/share/doc/frr/tools/vty_index.sh
/usr/share/doc/frr/tools/usr
/usr/share/doc/frr/tools/usr/share
/usr/share/doc/frr/tools/usr/share/cumulus
/usr/share/doc/frr/tools/usr/share/cumulus/support
/usr/share/doc/frr/tools/usr/share/cumulus/support/frr.gz
/usr/share/doc/frr/tools/vty_index.cocci
/usr/share/doc/frr/tools/cocci.h
/usr/share/doc/frr/tools/vty_check.cocci
/usr/share/doc/frr/tools/checkpatch.sh
/usr/share/doc/frr/tools/frr-reload.py.gz
/usr/share/doc/frr/tools/lsan-suppressions.txt
/usr/share/doc/frr/tools/ssd.gz
/usr/share/doc/frr/tools/multiple-bgpd.sh
/usr/share/doc/frr/tools/frr.service
/usr/share/doc/frr/tools/zc.pl
/usr/share/doc/frr/tools/start-stop-daemon.c.gz
/usr/share/doc/frr/tools/permutations.gz
/usr/share/doc/frr/tools/subdir.am
/usr/share/doc/frr/tools/frr.gz
/usr/share/doc/frr/tools/permutations.c
/usr/share/doc/frr/tools/Makefile
/usr/share/doc/frr/tools/etc
/usr/share/doc/frr/tools/etc/frr
/usr/share/doc/frr/tools/etc/frr/frr.conf
/usr/share/doc/frr/tools/etc/frr/vtysh.conf
/usr/share/doc/frr/tools/etc/frr/daemons.conf
/usr/share/doc/frr/tools/etc/frr/daemons
/usr/share/doc/frr/tools/etc/default
/usr/share/doc/frr/tools/etc/default/frr
/usr/share/doc/frr/tools/etc/iproute2
/usr/share/doc/frr/tools/etc/iproute2/rt_protos.d
/usr/share/doc/frr/tools/etc/iproute2/rt_protos.d/frr.conf
/usr/share/doc/frr/tools/etc/rsyslog.d
/usr/share/doc/frr/tools/etc/rsyslog.d/45-frr.conf
/usr/share/doc/frr/tools/zebra.el
/usr/share/doc/frr/tools/render_md.py
/usr/share/doc/frr/tools/rrlookup.pl
/usr/share/doc/frr/tools/git-reindent-branch.py
/usr/share/doc/frr/README.Debian
/usr/share/doc/frr/examples
/usr/share/doc/frr/examples/ripd.conf.sample
/usr/share/doc/frr/examples/vtysh.conf.sample
/usr/share/doc/frr/examples/pbrd.conf.sample
/usr/share/doc/frr/examples/isisd.conf.sample
/usr/share/doc/frr/examples/bgpd.conf.sample2
/usr/share/doc/frr/examples/ospfd.conf.sample
/usr/share/doc/frr/examples/ripngd.conf.sample
/usr/share/doc/frr/examples/bgpd.conf.vnc.sample
/usr/share/doc/frr/examples/bgpd.conf.sample
/usr/share/doc/frr/examples/babeld.conf.sample
/usr/share/doc/frr/examples/zebra.conf.sample
/usr/share/doc/frr/examples/pimd.conf.sample
/usr/share/doc/frr/examples/eigrpd.conf.sample
/usr/share/doc/frr/examples/ospf6d.conf.sample
/usr/share/doc/frr/examples/ldpd.conf.sample
/usr/share/doc/frr/copyright
/usr/share/doc/frr/changelog.gz
/usr/share/man
/usr/share/man/man8
/usr/share/man/man8/eigrpd.8.gz
/usr/share/man/man8/ospfclient.8.gz
/usr/share/man/man8/watchfrr.8.gz
/usr/share/man/man8/ldpd.8.gz
/usr/share/man/man8/frr-args.8.gz
/usr/share/man/man8/nhrpd.8.gz
/usr/share/man/man8/ripngd.8.gz
/usr/share/man/man8/mtracebis.8.gz
/usr/share/man/man8/ospf6d.8.gz
/usr/share/man/man8/pimd.8.gz
/usr/share/man/man8/zebra.8.gz
/usr/share/man/man8/ospfd.8.gz
/usr/share/man/man8/bgpd.8.gz
/usr/share/man/man8/isisd.8.gz
/usr/share/man/man8/ripd.8.gz
/usr/share/man/man1
/usr/share/man/man1/frr.1.gz
/usr/share/man/man1/vtysh.1.gz
/usr/share/lintian
/usr/share/lintian/overrides
/usr/share/lintian/overrides/frr
/usr/share/snmp
/usr/share/snmp/mibs
/usr/share/snmp/mibs/GNOME-PRODUCT-ZEBRA-MIB
/usr/lib
/usr/lib/libfrr.a
/usr/lib/frr
/usr/lib/frr/pbrd
/usr/lib/frr/frr
/usr/lib/frr/ospf6d
/usr/lib/frr/eigrpd
/usr/lib/frr/ssd
/usr/lib/frr/zebra
/usr/lib/frr/ospfd
/usr/lib/frr/modules
/usr/lib/frr/modules/zebra_snmp.so
/usr/lib/frr/modules/zebra_irdp.la
/usr/lib/frr/modules/zebra_snmp.la
/usr/lib/frr/modules/ospf6d_snmp.so
/usr/lib/frr/modules/ripd_snmp.so
/usr/lib/frr/modules/ospfd_snmp.so
/usr/lib/frr/modules/ospf6d_snmp.la
/usr/lib/frr/modules/ospfd_snmp.la
/usr/lib/frr/modules/zebra_irdp.so
/usr/lib/frr/modules/ripd_snmp.la
/usr/lib/frr/modules/bgpd_snmp.so
/usr/lib/frr/modules/bgpd_snmp.la
/usr/lib/frr/watchfrr
/usr/lib/frr/isisd
/usr/lib/frr/babeld
/usr/lib/frr/bgpd
/usr/lib/frr/ripd
/usr/lib/frr/frr-reload.py
/usr/lib/frr/ripngd
/usr/lib/frr/ospfclient
/usr/lib/frr/nhrpd
/usr/lib/frr/pimd
/usr/lib/frr/ldpd
/usr/lib/libfrrsnmp.a
/usr/lib/libfrr.so.0.0.0
/usr/lib/libfrrsnmp.so.0.0.0
/usr/lib/tmpfiles.d
/usr/lib/tmpfiles.d/frr.conf
/usr/lib/libfrrsnmp.la
/usr/lib/libfrrospfapiclient.a
/usr/lib/libfrr.la
/usr/lib/libfrrospfapiclient.la
/usr/lib/libfrrospfapiclient.so.0.0.0
/usr/bin
/usr/bin/vtysh
/usr/bin/bgp_btoa
/var
/var/log
/var/log/frr
/lib
/lib/systemd
/lib/systemd/system
/lib/systemd/system/frr.service
/etc
/etc/frr
/etc/frr/frr.conf
/etc/frr/vtysh.conf
/etc/frr/daemons.conf
/etc/frr/daemons
/etc/default
/etc/default/frr
/etc/pam.d
/etc/pam.d/frr
/etc/iproute2
/etc/iproute2/rt_protos.d
/etc/iproute2/rt_protos.d/frr.conf
/etc/logrotate.d
/etc/logrotate.d/frr
/etc/rsyslog.d
/etc/rsyslog.d/45-frr.conf
/usr/lib/libfrr.so
/usr/lib/libfrrsnmp.so
/usr/lib/libfrrsnmp.so.0
/usr/lib/libfrrospfapiclient.so.0
/usr/lib/libfrr.so.0
/usr/lib/libfrrospfapiclient.so

$ sudo -n -- systemd-analyze --no-pager dump
stdout: Timestamp firmware: 22.783521s
-> Unit frr.service:
        Fragment Path: /lib/systemd/system/frr.service
        Unit Active State: active

$ sudo -n -- systemctl show frr.service
stdout: ActiveState=active

$ sudo -n -- git rev-parse HEAD
stdout: 0000001000000000000000000000000000000000

$ sudo -n -- git add .

$ sudo -n --preserve-env -- git commit --author 'test-user <test-user@yandex-team.ru>' -m update /etc/frr/frr.conf
stdout: [master 0000002] update
 Author: test-user <test-user@yandex-team.ru
 1 files changed, 1 insertions(+), 1 deletions(-)

$ sudo -n -- git rev-list --all --count
stdout: 2

$ sudo -n -- ip vrf pids mgmt

$ sudo -n -- ip vrf exec mgmt snmptrap -v 2c -c TzVZ8 noc-myt.yndx.net '' 1.3.6.1.4.1.13238.2 1.3.6.1.4.1.13238.2.1 s root 1.3.6.1.4.1.13238.2.2 i 2

$ sudo -n -- ip vrf pids mgmt

$ sudo -n -- ip vrf exec mgmt snmptrap -v 2c -c TzVZ8 noc-sas.yndx.net '' 1.3.6.1.4.1.13238.2 1.3.6.1.4.1.13238.2.1 s root 1.3.6.1.4.1.13238.2.2 i 2

$ sudo -n -- git rev-parse HEAD
stdout: 0000002000000000000000000000000000000000

$ sudo -n -- git diff-tree --no-commit-id --name-status -r 0000001000000000000000000000000000000000..0000002000000000000000000000000000000000
stdout:  M frr/frr.conf

$ sudo -n -- dpkg -S /etc/frr/frr.conf
stdout: frr: /etc/frr/frr.conf

$ sudo -n -- dpkg -L frr
stdout: /.
/usr
/usr/include
/usr/include/frr
/usr/include/frr/zassert.h
/usr/include/frr/table.h
/usr/include/frr/compiler.h
/usr/include/frr/ipaddr.h
/usr/include/frr/smux.h
/usr/include/frr/workqueue.h
/usr/include/frr/vector.h
/usr/include/frr/ospfapi
/usr/include/frr/ospfapi/ospf_apiclient.h
/usr/include/frr/distribute.h
/usr/include/frr/pw.h
/usr/include/frr/keychain.h
/usr/include/frr/skiplist.h
/usr/include/frr/sockunion.h
/usr/include/frr/fifo.h
/usr/include/frr/hash.h
/usr/include/frr/monotime.h
/usr/include/frr/privs.h
/usr/include/frr/mpls.h
/usr/include/frr/vty.h
/usr/include/frr/zclient.h
/usr/include/frr/route_types.h
/usr/include/frr/eigrpd
/usr/include/frr/eigrpd/eigrp_dump.h
/usr/include/frr/eigrpd/eigrp_topology.h
/usr/include/frr/eigrpd/eigrpd.h
/usr/include/frr/csv.h
/usr/include/frr/ferr.h
/usr/include/frr/md5.h
/usr/include/frr/libospf.h
/usr/include/frr/vxlan.h
/usr/include/frr/frratomic.h
/usr/include/frr/plist.h
/usr/include/frr/routemap.h
/usr/include/frr/openbsd-queue.h
/usr/include/frr/command_graph.h
/usr/include/frr/zebra.h
/usr/include/frr/ospfd
/usr/include/frr/ospfd/ospf_opaque.h
/usr/include/frr/ospfd/ospf_nsm.h
/usr/include/frr/ospfd/ospf_asbr.h
/usr/include/frr/ospfd/ospf_lsdb.h
/usr/include/frr/ospfd/ospf_dump_api.h
/usr/include/frr/ospfd/ospfd.h
/usr/include/frr/ospfd/ospf_ism.h
/usr/include/frr/ospfd/ospf_lsa.h
/usr/include/frr/ospfd/ospf_api.h
/usr/include/frr/ospfd/ospf_dump.h
/usr/include/frr/sha256.h
/usr/include/frr/log.h
/usr/include/frr/memory_vty.h
/usr/include/frr/thread.h
/usr/include/frr/event_counter.h
/usr/include/frr/termtable.h
/usr/include/frr/linklist.h
/usr/include/frr/srcdest_table.h
/usr/include/frr/network.h
/usr/include/frr/if.h
/usr/include/frr/sigevent.h
/usr/include/frr/if_rmap.h
/usr/include/frr/hook.h
/usr/include/frr/checksum.h
/usr/include/frr/jhash.h
/usr/include/frr/prefix.h
/usr/include/frr/command_match.h
/usr/include/frr/openbsd-tree.h
/usr/include/frr/bfd.h
/usr/include/frr/imsg.h
/usr/include/frr/spf_backoff.h
/usr/include/frr/module.h
/usr/include/frr/qobj.h
/usr/include/frr/vrf_int.h
/usr/include/frr/freebsd-queue.h
/usr/include/frr/ptm_lib.h
/usr/include/frr/sbuf.h
/usr/include/frr/logicalrouter.h
/usr/include/frr/json.h
/usr/include/frr/graph.h
/usr/include/frr/vrf.h
/usr/include/frr/memory.h
/usr/include/frr/stream.h
/usr/include/frr/bitfield.h
/usr/include/frr/filter.h
/usr/include/frr/getopt.h
/usr/include/frr/pqueue.h
/usr/include/frr/buffer.h
/usr/include/frr/systemd.h
/usr/include/frr/nexthop.h
/usr/include/frr/debug.h
/usr/include/frr/command.h
/usr/include/frr/lib_errors.h
/usr/include/frr/vlan.h
/usr/include/frr/ringbuf.h
/usr/include/frr/sockopt.h
/usr/include/frr/frr_pthread.h
/usr/include/frr/queue.h
/usr/include/frr/version.h
/usr/include/frr/wheel.h
/usr/include/frr/ns.h
/usr/include/frr/nexthop_group.h
/usr/include/frr/libfrr.h
/usr/share
/usr/share/cumulus
/usr/share/cumulus/support
/usr/share/cumulus/support/frr
/usr/share/doc
/usr/share/doc/frr
/usr/share/doc/frr/tools
/usr/share/doc/frr/tools/.deps
/usr/share/doc/frr/tools/.deps/start-stop-daemon.Po.gz
/usr/share/doc/frr/tools/.deps/permutations.Po.gz
/usr/share/doc/frr/tools/mrlg.txt
/usr/share/doc/frr/tools/start-stop-daemon.o.gz
/usr/share/doc/frr/tools/checkpatch.pl.gz
/usr/share/doc/frr/tools/permutations.o.gz
/usr/share/doc/frr/tools/.libs
/usr/share/doc/frr/tools/.libs/permutations.gz
/usr/share/doc/frr/tools/indent.py
/usr/share/doc/frr/tools/rrcheck.pl
/usr/share/doc/frr/tools/vty_index.sh
/usr/share/doc/frr/tools/usr
/usr/share/doc/frr/tools/usr/share
/usr/share/doc/frr/tools/usr/share/cumulus
/usr/share/doc/frr/tools/usr/share/cumulus/support
/usr/share/doc/frr/tools/usr/share/cumulus/support/frr.gz
/usr/share/doc/frr/tools/vty_index.cocci
/usr/share/doc/frr/tools/cocci.h
/usr/share/doc/frr/tools/vty_check.cocci
/usr/share/doc/frr/tools/checkpatch.sh
/usr/share/doc/frr/tools/frr-reload.py.gz
/usr/share/doc/frr/tools/lsan-suppressions.txt
/usr/share/doc/frr/tools/ssd.gz
/usr/share/doc/frr/tools/multiple-bgpd.sh
/usr/share/doc/frr/tools/frr.service
/usr/share/doc/frr/tools/zc.pl
/usr/share/doc/frr/tools/start-stop-daemon.c.gz
/usr/share/doc/frr/tools/permutations.gz
/usr/share/doc/frr/tools/subdir.am
/usr/share/doc/frr/tools/frr.gz
/usr/share/doc/frr/tools/permutations.c
/usr/share/doc/frr/tools/Makefile
/usr/share/doc/frr/tools/etc
/usr/share/doc/frr/tools/etc/frr
/usr/share/doc/frr/tools/etc/frr/frr.conf
/usr/share/doc/frr/tools/etc/frr/vtysh.conf
/usr/share/doc/frr/tools/etc/frr/daemons.conf
/usr/share/doc/frr/tools/etc/frr/daemons
/usr/share/doc/frr/tools/etc/default
/usr/share/doc/frr/tools/etc/default/frr
/usr/share/doc/frr/tools/etc/iproute2
/usr/share/doc/frr/tools/etc/iproute2/rt_protos.d
/usr/share/doc/frr/tools/etc/iproute2/rt_protos.d/frr.conf
/usr/share/doc/frr/tools/etc/rsyslog.d
/usr/share/doc/frr/tools/etc/rsyslog.d/45-frr.conf
/usr/share/doc/frr/tools/zebra.el
/usr/share/doc/frr/tools/render_md.py
/usr/share/doc/frr/tools/rrlookup.pl
/usr/share/doc/frr/tools/git-reindent-branch.py
/usr/share/doc/frr/README.Debian
/usr/share/doc/frr/examples
/usr/share/doc/frr/examples/ripd.conf.sample
/usr/share/doc/frr/examples/vtysh.conf.sample
/usr/share/doc/frr/examples/pbrd.conf.sample
/usr/share/doc/frr/examples/isisd.conf.sample
/usr/share/doc/frr/examples/bgpd.conf.sample2
/usr/share/doc/frr/examples/ospfd.conf.sample
/usr/share/doc/frr/examples/ripngd.conf.sample
/usr/share/doc/frr/examples/bgpd.conf.vnc.sample
/usr/share/doc/frr/examples/bgpd.conf.sample
/usr/share/doc/frr/examples/babeld.conf.sample
/usr/share/doc/frr/examples/zebra.conf.sample
/usr/share/doc/frr/examples/pimd.conf.sample
/usr/share/doc/frr/examples/eigrpd.conf.sample
/usr/share/doc/frr/examples/ospf6d.conf.sample
/usr/share/doc/frr/examples/ldpd.conf.sample
/usr/share/doc/frr/copyright
/usr/share/doc/frr/changelog.gz
/usr/share/man
/usr/share/man/man8
/usr/share/man/man8/eigrpd.8.gz
/usr/share/man/man8/ospfclient.8.gz
/usr/share/man/man8/watchfrr.8.gz
/usr/share/man/man8/ldpd.8.gz
/usr/share/man/man8/frr-args.8.gz
/usr/share/man/man8/nhrpd.8.gz
/usr/share/man/man8/ripngd.8.gz
/usr/share/man/man8/mtracebis.8.gz
/usr/share/man/man8/ospf6d.8.gz
/usr/share/man/man8/pimd.8.gz
/usr/share/man/man8/zebra.8.gz
/usr/share/man/man8/ospfd.8.gz
/usr/share/man/man8/bgpd.8.gz
/usr/share/man/man8/isisd.8.gz
/usr/share/man/man8/ripd.8.gz
/usr/share/man/man1
/usr/share/man/man1/frr.1.gz
/usr/share/man/man1/vtysh.1.gz
/usr/share/lintian
/usr/share/lintian/overrides
/usr/share/lintian/overrides/frr
/usr/share/snmp
/usr/share/snmp/mibs
/usr/share/snmp/mibs/GNOME-PRODUCT-ZEBRA-MIB
/usr/lib
/usr/lib/libfrr.a
/usr/lib/frr
/usr/lib/frr/pbrd
/usr/lib/frr/frr
/usr/lib/frr/ospf6d
/usr/lib/frr/eigrpd
/usr/lib/frr/ssd
/usr/lib/frr/zebra
/usr/lib/frr/ospfd
/usr/lib/frr/modules
/usr/lib/frr/modules/zebra_snmp.so
/usr/lib/frr/modules/zebra_irdp.la
/usr/lib/frr/modules/zebra_snmp.la
/usr/lib/frr/modules/ospf6d_snmp.so
/usr/lib/frr/modules/ripd_snmp.so
/usr/lib/frr/modules/ospfd_snmp.so
/usr/lib/frr/modules/ospf6d_snmp.la
/usr/lib/frr/modules/ospfd_snmp.la
/usr/lib/frr/modules/zebra_irdp.so
/usr/lib/frr/modules/ripd_snmp.la
/usr/lib/frr/modules/bgpd_snmp.so
/usr/lib/frr/modules/bgpd_snmp.la
/usr/lib/frr/watchfrr
/usr/lib/frr/isisd
/usr/lib/frr/babeld
/usr/lib/frr/bgpd
/usr/lib/frr/ripd
/usr/lib/frr/frr-reload.py
/usr/lib/frr/ripngd
/usr/lib/frr/ospfclient
/usr/lib/frr/nhrpd
/usr/lib/frr/pimd
/usr/lib/frr/ldpd
/usr/lib/libfrrsnmp.a
/usr/lib/libfrr.so.0.0.0
/usr/lib/libfrrsnmp.so.0.0.0
/usr/lib/tmpfiles.d
/usr/lib/tmpfiles.d/frr.conf
/usr/lib/libfrrsnmp.la
/usr/lib/libfrrospfapiclient.a
/usr/lib/libfrr.la
/usr/lib/libfrrospfapiclient.la
/usr/lib/libfrrospfapiclient.so.0.0.0
/usr/bin
/usr/bin/vtysh
/usr/bin/bgp_btoa
/var
/var/log
/var/log/frr
/lib
/lib/systemd
/lib/systemd/system
/lib/systemd/system/frr.service
/etc
/etc/frr
/etc/frr/frr.conf
/etc/frr/vtysh.conf
/etc/frr/daemons.conf
/etc/frr/daemons
/etc/default
/etc/default/frr
/etc/pam.d
/etc/pam.d/frr
/etc/iproute2
/etc/iproute2/rt_protos.d
/etc/iproute2/rt_protos.d/frr.conf
/etc/logrotate.d
/etc/logrotate.d/frr
/etc/rsyslog.d
/etc/rsyslog.d/45-frr.conf
/usr/lib/libfrr.so
/usr/lib/libfrrsnmp.so
/usr/lib/libfrrsnmp.so.0
/usr/lib/libfrrospfapiclient.so.0
/usr/lib/libfrr.so.0
/usr/lib/libfrrospfapiclient.so

$ sudo -n -- systemctl is-active frr.service
stdout: active

$ sudo -n -- systemctl try-reload-or-restart frr.service
exit code: 1
stderr: Unknown operation 'try-reload-or-restart'.

$ sudo -n -- systemctl is-enabled frr.service
stdout: enabled

$ sudo -n -- systemctl reload-or-restart frr.service

$ sudo -n -- systemctl is-active frr.service
stdout: active
