$ sudo -n -- git rev-parse --abbrev-ref HEAD
stdout: master

$ sudo -n -- git status --untracked-files=all --porcelain
stdout:  M telegraf/telegraf.conf

$ sudo -n -- dpkg -L telegraf
stdout: /.
/etc
/etc/logrotate.d
/etc/logrotate.d/telegraf
/etc/telegraf
/etc/telegraf/telegraf.d
/lib
/lib/systemd
/lib/systemd/system
/lib/systemd/system/telegraf.service
/usr
/usr/bin
/usr/bin/telegraf
/usr/lib
/usr/lib/telegraf
/usr/lib/telegraf/scripts
/usr/lib/telegraf/scripts/init.sh
/usr/lib/telegraf/scripts/telegraf.service
/usr/share
/usr/share/doc
/usr/share/doc/telegraf
/usr/share/doc/telegraf/changelog.Debian.gz
/usr/share/doc/telegraf/copyright
/var
/var/log
/var/log/telegraf

$ sudo -n -- systemd-analyze --no-pager dump
stdout: Timestamp firmware: 22.783521s
-> Unit telegraf.service:
        Fragment Path: /lib/systemd/system/telegraf.service
        Unit Active State: failed
-> Unit telegraf@mgmt.service:
        Unit Active State: active
        Fragment Path: /etc/systemd/system/telegraf@.service
        Source Path: /lib/systemd/system/telegraf.service

$ sudo -n -- systemctl show telegraf.service
stdout: ActiveState=active

$ sudo -n -- git rev-parse HEAD
stdout: 0000001000000000000000000000000000000000

$ sudo -n -- git add .

$ sudo -n --preserve-env -- git commit --author 'test-user <test-user@yandex-team.ru>' -m update /etc/telegraf/telegraf.conf
stdout: [master 0000002] update
 Author: test-user <test-user@yandex-team.ru
 1 files changed, 1 insertions(+), 1 deletions(-)

$ sudo -n -- git rev-list --all --count
stdout: 2

$ sudo -n -- ip vrf pids mgmt

$ sudo -n -- ip vrf exec mgmt snmptrap -v 2c -c TzVZ8 noc-myt.yndx.net '' 1.3.6.1.4.1.13238.2 1.3.6.1.4.1.13238.2.1 s root 1.3.6.1.4.1.13238.2.2 i 2

$ sudo -n -- ip vrf pids mgmt

$ sudo -n -- ip vrf exec mgmt snmptrap -v 2c -c TzVZ8 noc-sas.yndx.net '' 1.3.6.1.4.1.13238.2 1.3.6.1.4.1.13238.2.1 s root 1.3.6.1.4.1.13238.2.2 i 2

$ sudo -n -- git rev-parse HEAD
stdout: 0000002000000000000000000000000000000000

$ sudo -n -- git diff-tree --no-commit-id --name-status -r 0000001000000000000000000000000000000000..0000002000000000000000000000000000000000
stdout:  M telegraf/telegraf.conf

$ sudo -n -- dpkg -L telegraf
stdout: /.
/etc
/etc/logrotate.d
/etc/logrotate.d/telegraf
/etc/telegraf
/etc/telegraf/telegraf.d
/lib
/lib/systemd
/lib/systemd/system
/lib/systemd/system/telegraf.service
/usr
/usr/bin
/usr/bin/telegraf
/usr/lib
/usr/lib/telegraf
/usr/lib/telegraf/scripts
/usr/lib/telegraf/scripts/init.sh
/usr/lib/telegraf/scripts/telegraf.service
/usr/share
/usr/share/doc
/usr/share/doc/telegraf
/usr/share/doc/telegraf/changelog.Debian.gz
/usr/share/doc/telegraf/copyright
/var
/var/log
/var/log/telegraf

$ sudo -n -- systemctl is-active telegraf.service
stdout: inactive
exit code: 3

$ sudo -n -- systemctl try-reload-or-restart telegraf.service

$ sudo -n -- systemctl is-active telegraf@mgmt.service
stdout: active

$ sudo -n -- systemctl try-reload-or-restart telegraf@mgmt.service

$ sudo -n -- systemctl is-active telegraf@mgmt.service
stdout: active
