$ sudo -n -- git rev-parse --abbrev-ref HEAD
stdout: master

$ sudo -n -- git status --untracked-files=all --porcelain
stdout:  M ann/splitport.sh

$ sudo -n -- dpkg -S /etc/ann/splitport.sh
stdout: ann-splitport-svc: /etc/ann/splitport.sh

$ sudo -n -- dpkg -L ann-splitport-svc
stdout: /.
/etc
/etc/ann
/etc/ann/splitport.sh
/lib
/lib/systemd
/lib/systemd/system
/lib/systemd/system/ann-splitport-svc.service
/usr
/usr/share
/usr/share/doc
/usr/share/doc/ann-splitport-svc
/usr/share/doc/ann-splitport-svc/changelog.Debian.gz

$ sudo -n -- systemd-analyze --no-pager dump
stdout: Timestamp firmware: 22.783521s
-> Unit ann-splitport-svc.service:
        Unit Active State: failed
        Fragment Path: /lib/systemd/system/ann-splitport-svc.service

$ sudo -n -- systemctl show ann-splitport-svc.service
stdout: ActiveState=failed

$ sudo -n -- git rev-parse HEAD
stdout: 0000001000000000000000000000000000000000

$ sudo -n -- git add .

$ sudo -n --preserve-env -- git commit --author 'test-user <test-user@yandex-team.ru>' -m update /etc/ann/splitport.sh
stdout: [master 0000002] update
 Author: test-user <test-user@yandex-team.ru
 1 files changed, 1 insertions(+), 1 deletions(-)

$ sudo -n -- git rev-list --all --count
stdout: 2

$ sudo -n -- ip vrf pids mgmt

$ sudo -n -- ip vrf exec mgmt snmptrap -v 2c -c TzVZ8 noc-myt.yndx.net '' 1.3.6.1.4.1.13238.2 1.3.6.1.4.1.13238.2.1 s root 1.3.6.1.4.1.13238.2.2 i 2

$ sudo -n -- ip vrf pids mgmt

$ sudo -n -- ip vrf exec mgmt snmptrap -v 2c -c TzVZ8 noc-sas.yndx.net '' 1.3.6.1.4.1.13238.2 1.3.6.1.4.1.13238.2.1 s root 1.3.6.1.4.1.13238.2.2 i 2

$ sudo -n -- git rev-parse HEAD
stdout: 0000002000000000000000000000000000000000

$ sudo -n -- git diff-tree --no-commit-id --name-status -r 0000001000000000000000000000000000000000..0000002000000000000000000000000000000000
stdout:  M ann/splitport.sh

$ sudo -n -- dpkg -S /etc/ann/splitport.sh
stdout: ann-splitport-svc: /etc/ann/splitport.sh

$ sudo -n -- dpkg -L ann-splitport-svc
stdout: /.
/etc
/etc/ann
/etc/ann/splitport.sh
/lib
/lib/systemd
/lib/systemd/system
/lib/systemd/system/ann-splitport-svc.service
/usr
/usr/share
/usr/share/doc
/usr/share/doc/ann-splitport-svc
/usr/share/doc/ann-splitport-svc/changelog.Debian.gz

$ sudo -n -- systemctl is-active ann-splitport-svc.service
stdout: active

$ sudo -n -- systemctl try-reload-or-restart ann-splitport-svc.service
exit code: 1
stderr: Unknown operation 'try-reload-or-restart'.

$ sudo -n -- systemctl is-enabled ann-splitport-svc.service
stdout: enabled

$ sudo -n -- systemctl reload-or-restart ann-splitport-svc.service

$ sudo -n -- systemctl is-active ann-splitport-svc.service
stdout: active
